// Jest Snapshot v1, https://goo.gl/fbAQLP

exports[`Clock renders correctly 1`] = `
preact-render-spy (1 nodes)
-------
<div>
  <p>time is</p>
  <span>11:12:13</span>
</div>

`;
